// Jest Snapshot v1, https://goo.gl/fbAQLP

exports[`Pruebas en FirstApp Debe de hacer match con el snapshot 1`] = `
<div>
  <h1>
    O mueres como h√©roe o vives lo suficiente para convertirte en villano
  </h1>
  <h2>
    test
  </h2>
  <p>
    Ernesto
  </p>
</div>
`;
